// Jest Snapshot v1, https://goo.gl/fbAQLP

exports[`ProfileSection should match the correct snapshot 1`] = `
ShallowWrapper {
  Symbol(enzyme.__root__): [Circular],
  Symbol(enzyme.__unrendered__): <ProfileSection />,
  Symbol(enzyme.__renderer__): Object {
    "batchedUpdates": [Function],
    "checkPropTypes": [Function],
    "getNode": [Function],
    "render": [Function],
    "simulateError": [Function],
    "simulateEvent": [Function],
    "unmount": [Function],
  },
  Symbol(enzyme.__node__): Object {
    "instance": null,
    "key": undefined,
    "nodeType": "class",
    "props": Object {
      "children": undefined,
      "className": "",
      "classParentString": "Collapsible",
      "contentContainerTagName": "div",
      "contentInnerClassName": "profile",
      "contentOuterClassName": "profile",
      "easing": "linear",
      "lazyRender": false,
      "onClose": [Function],
      "onClosing": [Function],
      "onOpen": [Function],
      "onOpening": [Function],
      "open": false,
      "openedClassName": "profile",
      "overflowWhenOpen": "hidden",
      "tabIndex": null,
      "transitionCloseTime": null,
      "transitionTime": 400,
      "trigger": "undefined  ▼",
      "triggerClassName": "",
      "triggerDisabled": false,
      "triggerOpenedClassName": "",
      "triggerSibling": null,
      "triggerStyle": null,
      "triggerTagName": "span",
      "triggerWhenOpen": "undefined  ▲",
    },
    "ref": null,
    "rendered": null,
    "type": [Function],
  },
  Symbol(enzyme.__nodes__): Array [
    Object {
      "instance": null,
      "key": undefined,
      "nodeType": "class",
      "props": Object {
        "children": undefined,
        "className": "",
        "classParentString": "Collapsible",
        "contentContainerTagName": "div",
        "contentInnerClassName": "profile",
        "contentOuterClassName": "profile",
        "easing": "linear",
        "lazyRender": false,
        "onClose": [Function],
        "onClosing": [Function],
        "onOpen": [Function],
        "onOpening": [Function],
        "open": false,
        "openedClassName": "profile",
        "overflowWhenOpen": "hidden",
        "tabIndex": null,
        "transitionCloseTime": null,
        "transitionTime": 400,
        "trigger": "undefined  ▼",
        "triggerClassName": "",
        "triggerDisabled": false,
        "triggerOpenedClassName": "",
        "triggerSibling": null,
        "triggerStyle": null,
        "triggerTagName": "span",
        "triggerWhenOpen": "undefined  ▲",
      },
      "ref": null,
      "rendered": null,
      "type": [Function],
    },
  ],
  Symbol(enzyme.__options__): Object {
    "adapter": ReactSixteenAdapter {
      "options": Object {
        "enableComponentDidUpdateOnSetState": true,
        "legacyContextMode": "parent",
        "lifecycles": Object {
          "componentDidUpdate": Object {
            "onSetState": true,
          },
          "getChildContext": Object {
            "calledByRenderer": false,
          },
          "getDerivedStateFromProps": Object {
            "hasShouldComponentUpdateBug": false,
          },
          "getSnapshotBeforeUpdate": true,
          "setState": Object {
            "skipsComponentDidUpdateOnNullish": true,
          },
        },
      },
    },
  },
}
`;
