// Jest Snapshot v1, https://goo.gl/fbAQLP

exports[`MentorControls initial should have match the correct snapshot 1`] = `
ShallowWrapper {
  Symbol(enzyme.__root__): [Circular],
  Symbol(enzyme.__unrendered__): <MentorControls
    denver={false}
    handleChange={[MockFunction]}
    javascript={false}
    remote={false}
    ruby={false}
  />,
  Symbol(enzyme.__renderer__): Object {
    "batchedUpdates": [Function],
    "checkPropTypes": [Function],
    "getNode": [Function],
    "render": [Function],
    "simulateError": [Function],
    "simulateEvent": [Function],
    "unmount": [Function],
  },
  Symbol(enzyme.__node__): Object {
    "instance": null,
    "key": undefined,
    "nodeType": "host",
    "props": Object {
      "children": Array [
        <CreateCheckbox
          checkBoxes={[Function]}
          field="javascript"
          name="JS"
          value="javascript"
        />,
        <CreateCheckbox
          checkBoxes={[Function]}
          field="ruby"
          name="RUBY"
          value="ruby"
        />,
        <CreateCheckbox
          checkBoxes={[Function]}
          field="denver"
          name="Denver"
          value="denver"
        />,
        <CreateCheckbox
          checkBoxes={[Function]}
          field="remote"
          name="Remote"
          value="remote"
        />,
        <div />,
      ],
      "className": "mentor-controls",
    },
    "ref": null,
    "rendered": Array [
      Object {
        "instance": null,
        "key": undefined,
        "nodeType": "class",
        "props": Object {
          "checkBoxes": [Function],
          "field": "javascript",
          "name": "JS",
          "value": "javascript",
        },
        "ref": null,
        "rendered": null,
        "type": [Function],
      },
      Object {
        "instance": null,
        "key": undefined,
        "nodeType": "class",
        "props": Object {
          "checkBoxes": [Function],
          "field": "ruby",
          "name": "RUBY",
          "value": "ruby",
        },
        "ref": null,
        "rendered": null,
        "type": [Function],
      },
      Object {
        "instance": null,
        "key": undefined,
        "nodeType": "class",
        "props": Object {
          "checkBoxes": [Function],
          "field": "denver",
          "name": "Denver",
          "value": "denver",
        },
        "ref": null,
        "rendered": null,
        "type": [Function],
      },
      Object {
        "instance": null,
        "key": undefined,
        "nodeType": "class",
        "props": Object {
          "checkBoxes": [Function],
          "field": "remote",
          "name": "Remote",
          "value": "remote",
        },
        "ref": null,
        "rendered": null,
        "type": [Function],
      },
      Object {
        "instance": null,
        "key": undefined,
        "nodeType": "host",
        "props": Object {
          "children": Array [
            false,
            false,
            false,
            false,
          ],
        },
        "ref": null,
        "rendered": Array [
          false,
          false,
          false,
          false,
        ],
        "type": "div",
      },
    ],
    "type": "div",
  },
  Symbol(enzyme.__nodes__): Array [
    Object {
      "instance": null,
      "key": undefined,
      "nodeType": "host",
      "props": Object {
        "children": Array [
          <CreateCheckbox
            checkBoxes={[Function]}
            field="javascript"
            name="JS"
            value="javascript"
          />,
          <CreateCheckbox
            checkBoxes={[Function]}
            field="ruby"
            name="RUBY"
            value="ruby"
          />,
          <CreateCheckbox
            checkBoxes={[Function]}
            field="denver"
            name="Denver"
            value="denver"
          />,
          <CreateCheckbox
            checkBoxes={[Function]}
            field="remote"
            name="Remote"
            value="remote"
          />,
          <div />,
        ],
        "className": "mentor-controls",
      },
      "ref": null,
      "rendered": Array [
        Object {
          "instance": null,
          "key": undefined,
          "nodeType": "class",
          "props": Object {
            "checkBoxes": [Function],
            "field": "javascript",
            "name": "JS",
            "value": "javascript",
          },
          "ref": null,
          "rendered": null,
          "type": [Function],
        },
        Object {
          "instance": null,
          "key": undefined,
          "nodeType": "class",
          "props": Object {
            "checkBoxes": [Function],
            "field": "ruby",
            "name": "RUBY",
            "value": "ruby",
          },
          "ref": null,
          "rendered": null,
          "type": [Function],
        },
        Object {
          "instance": null,
          "key": undefined,
          "nodeType": "class",
          "props": Object {
            "checkBoxes": [Function],
            "field": "denver",
            "name": "Denver",
            "value": "denver",
          },
          "ref": null,
          "rendered": null,
          "type": [Function],
        },
        Object {
          "instance": null,
          "key": undefined,
          "nodeType": "class",
          "props": Object {
            "checkBoxes": [Function],
            "field": "remote",
            "name": "Remote",
            "value": "remote",
          },
          "ref": null,
          "rendered": null,
          "type": [Function],
        },
        Object {
          "instance": null,
          "key": undefined,
          "nodeType": "host",
          "props": Object {
            "children": Array [
              false,
              false,
              false,
              false,
            ],
          },
          "ref": null,
          "rendered": Array [
            false,
            false,
            false,
            false,
          ],
          "type": "div",
        },
      ],
      "type": "div",
    },
  ],
  Symbol(enzyme.__options__): Object {
    "adapter": ReactSixteenAdapter {
      "options": Object {
        "enableComponentDidUpdateOnSetState": true,
        "legacyContextMode": "parent",
        "lifecycles": Object {
          "componentDidUpdate": Object {
            "onSetState": true,
          },
          "getChildContext": Object {
            "calledByRenderer": false,
          },
          "getDerivedStateFromProps": Object {
            "hasShouldComponentUpdateBug": false,
          },
          "getSnapshotBeforeUpdate": true,
          "setState": Object {
            "skipsComponentDidUpdateOnNullish": true,
          },
        },
      },
    },
  },
  Symbol(enzyme.__childContext__): null,
}
`;
