// Jest Snapshot v1, https://goo.gl/fbAQLP

exports[`Nav should match the correct snapshot 1`] = `
ShallowWrapper {
  Symbol(enzyme.__root__): [Circular],
  Symbol(enzyme.__unrendered__): <Nav />,
  Symbol(enzyme.__renderer__): Object {
    "batchedUpdates": [Function],
    "checkPropTypes": [Function],
    "getNode": [Function],
    "render": [Function],
    "simulateError": [Function],
    "simulateEvent": [Function],
    "unmount": [Function],
  },
  Symbol(enzyme.__node__): Object {
    "instance": null,
    "key": undefined,
    "nodeType": "host",
    "props": Object {
      "children": Array [
        <div>
          <img
            alt="turing logo"
            className="logo"
            src="t-logo.png"
          />
        </div>,
        <p
          className="hamburger"
        >
          <i
            className="fas fa-bars"
          />
        </p>,
        <ul
          className="links"
        >
          <li>
            Home
          </li>
          <li>
            About
          </li>
          <li>
            Contact Us
          </li>
          <li>
            Contribute
          </li>
        </ul>,
      ],
      "className": "nav",
    },
    "ref": null,
    "rendered": Array [
      Object {
        "instance": null,
        "key": undefined,
        "nodeType": "host",
        "props": Object {
          "children": <img
            alt="turing logo"
            className="logo"
            src="t-logo.png"
          />,
        },
        "ref": null,
        "rendered": Object {
          "instance": null,
          "key": undefined,
          "nodeType": "host",
          "props": Object {
            "alt": "turing logo",
            "className": "logo",
            "src": "t-logo.png",
          },
          "ref": null,
          "rendered": null,
          "type": "img",
        },
        "type": "div",
      },
      Object {
        "instance": null,
        "key": undefined,
        "nodeType": "host",
        "props": Object {
          "children": <i
            className="fas fa-bars"
          />,
          "className": "hamburger",
        },
        "ref": null,
        "rendered": Object {
          "instance": null,
          "key": undefined,
          "nodeType": "host",
          "props": Object {
            "className": "fas fa-bars",
          },
          "ref": null,
          "rendered": null,
          "type": "i",
        },
        "type": "p",
      },
      Object {
        "instance": null,
        "key": undefined,
        "nodeType": "host",
        "props": Object {
          "children": Array [
            <li>
              Home
            </li>,
            <li>
              About
            </li>,
            <li>
              Contact Us
            </li>,
            <li>
              Contribute
            </li>,
          ],
          "className": "links",
        },
        "ref": null,
        "rendered": Array [
          Object {
            "instance": null,
            "key": undefined,
            "nodeType": "host",
            "props": Object {
              "children": "Home",
            },
            "ref": null,
            "rendered": "Home",
            "type": "li",
          },
          Object {
            "instance": null,
            "key": undefined,
            "nodeType": "host",
            "props": Object {
              "children": "About",
            },
            "ref": null,
            "rendered": "About",
            "type": "li",
          },
          Object {
            "instance": null,
            "key": undefined,
            "nodeType": "host",
            "props": Object {
              "children": "Contact Us",
            },
            "ref": null,
            "rendered": "Contact Us",
            "type": "li",
          },
          Object {
            "instance": null,
            "key": undefined,
            "nodeType": "host",
            "props": Object {
              "children": "Contribute",
            },
            "ref": null,
            "rendered": "Contribute",
            "type": "li",
          },
        ],
        "type": "ul",
      },
    ],
    "type": "nav",
  },
  Symbol(enzyme.__nodes__): Array [
    Object {
      "instance": null,
      "key": undefined,
      "nodeType": "host",
      "props": Object {
        "children": Array [
          <div>
            <img
              alt="turing logo"
              className="logo"
              src="t-logo.png"
            />
          </div>,
          <p
            className="hamburger"
          >
            <i
              className="fas fa-bars"
            />
          </p>,
          <ul
            className="links"
          >
            <li>
              Home
            </li>
            <li>
              About
            </li>
            <li>
              Contact Us
            </li>
            <li>
              Contribute
            </li>
          </ul>,
        ],
        "className": "nav",
      },
      "ref": null,
      "rendered": Array [
        Object {
          "instance": null,
          "key": undefined,
          "nodeType": "host",
          "props": Object {
            "children": <img
              alt="turing logo"
              className="logo"
              src="t-logo.png"
            />,
          },
          "ref": null,
          "rendered": Object {
            "instance": null,
            "key": undefined,
            "nodeType": "host",
            "props": Object {
              "alt": "turing logo",
              "className": "logo",
              "src": "t-logo.png",
            },
            "ref": null,
            "rendered": null,
            "type": "img",
          },
          "type": "div",
        },
        Object {
          "instance": null,
          "key": undefined,
          "nodeType": "host",
          "props": Object {
            "children": <i
              className="fas fa-bars"
            />,
            "className": "hamburger",
          },
          "ref": null,
          "rendered": Object {
            "instance": null,
            "key": undefined,
            "nodeType": "host",
            "props": Object {
              "className": "fas fa-bars",
            },
            "ref": null,
            "rendered": null,
            "type": "i",
          },
          "type": "p",
        },
        Object {
          "instance": null,
          "key": undefined,
          "nodeType": "host",
          "props": Object {
            "children": Array [
              <li>
                Home
              </li>,
              <li>
                About
              </li>,
              <li>
                Contact Us
              </li>,
              <li>
                Contribute
              </li>,
            ],
            "className": "links",
          },
          "ref": null,
          "rendered": Array [
            Object {
              "instance": null,
              "key": undefined,
              "nodeType": "host",
              "props": Object {
                "children": "Home",
              },
              "ref": null,
              "rendered": "Home",
              "type": "li",
            },
            Object {
              "instance": null,
              "key": undefined,
              "nodeType": "host",
              "props": Object {
                "children": "About",
              },
              "ref": null,
              "rendered": "About",
              "type": "li",
            },
            Object {
              "instance": null,
              "key": undefined,
              "nodeType": "host",
              "props": Object {
                "children": "Contact Us",
              },
              "ref": null,
              "rendered": "Contact Us",
              "type": "li",
            },
            Object {
              "instance": null,
              "key": undefined,
              "nodeType": "host",
              "props": Object {
                "children": "Contribute",
              },
              "ref": null,
              "rendered": "Contribute",
              "type": "li",
            },
          ],
          "type": "ul",
        },
      ],
      "type": "nav",
    },
  ],
  Symbol(enzyme.__options__): Object {
    "adapter": ReactSixteenAdapter {
      "options": Object {
        "enableComponentDidUpdateOnSetState": true,
        "legacyContextMode": "parent",
        "lifecycles": Object {
          "componentDidUpdate": Object {
            "onSetState": true,
          },
          "getChildContext": Object {
            "calledByRenderer": false,
          },
          "getDerivedStateFromProps": Object {
            "hasShouldComponentUpdateBug": false,
          },
          "getSnapshotBeforeUpdate": true,
          "setState": Object {
            "skipsComponentDidUpdateOnNullish": true,
          },
        },
      },
    },
  },
}
`;
